1. Record
IDENTIFIER: 456
TIME: 20240101T120000

2. Record
IDENTIFIER: 123
TIME: 20240101T130000